type octile
height 28
width 39
map
..................@....................
..................@....................
..................@....................
..@@@@@@@..@@@@@@@@.@@@@@@@..@@@@@@@...
..@@@@@@@..@@@@@@@@.@@@@@@@..@@@@@@@...
..................@....................
.......................................
..@@@@@@@..@@@@@@@@.@@@@@@@..@@@@@@@...
..@@@@@@@..@@@@@@@@.@@@@@@@..@@@@@@@...
..................@....................
..................@....................
...........@@@@@@@@.@@@@@@@..@@@@@@@...
...........@@@@@@@@.@@@@@@@..@@@@@@@...
@@@@@@@@@.@@@@@@@@@.@@@@@@@@@@@@@@@@@@@
.......................................
..@@@@@@@..@@@@@@@@.@@@@@@@..@@@@@@@...
..@@@@@@@..@@@@@@@@.@@@@@@@..@@@@@@@...
..................@....................
..................@....................
..@@@@@@@..@@@@@@@@.@@@@@@@..@@@@@@@...
..@@@@@@@..@@@@@@@@.@@@@@@@..@@@@@@@...
..................@....................
..................@....................
..@@@@@@@..@@@@@@@@.@@@@@@@..@@@@@@@...
..@@@@@@@..@@@@@@@@.@@@@@@@..@@@@@@@...
..................@....................
..................@....................
..................@....................
